[new.axilthemes.com/demo/template/splash/blogar/index.html]
[backblue.gif]
[fade.gif]
[index.html]
[new.axilthemes.com/demo/template/splash/blogar/assets/images/favicon.png]
[new.axilthemes.com/demo/template/splash/blogar/assets/css/vendor/bootstrap.min.css]
[new.axilthemes.com/demo/template/splash/blogar/assets/css/vendor/font-awesome.css]
[new.axilthemes.com/demo/template/splash/blogar/assets/css/style.css]
[new.axilthemes.com/demo/template/splash/blogar/index-2.html]
[new.axilthemes.com/demo/template/splash/blogar/assets/images/logo/logo-white.png]
[new.axilthemes.com/demo/template/splash/blogar/assets/images/banner/banner-01.jpg]
[new.axilthemes.com/demo/template/splash/blogar/assets/images/banner/banner-02.jpg]
[new.axilthemes.com/demo/template/splash/blogar/assets/images/banner/banner-03.jpg]
[new.axilthemes.com/demo/template/splash/blogar/assets/images/banner/banner-04.jpg]
[new.axilthemes.com/demo/template/splash/blogar/assets/images/banner/banner-05.jpg]
[new.axilthemes.com/demo/template/splash/blogar/assets/images/banner/banner-06.jpg]
[new.axilthemes.com/demo/template/splash/blogar/assets/images/banner/banner-07.jpg]
[new.axilthemes.com/demo/template/splash/blogar/assets/images/banner/banner-08.jpg]
[new.axilthemes.com/demo/template/splash/blogar/assets/images/banner/banner-09.jpg]
[new.axilthemes.com/demo/template/splash/blogar/assets/images/banner/banner-10.jpg]
[new.axilthemes.com/demo/template/splash/blogar/assets/images/banner/banner-shape-01.png]
[new.axilthemes.com/demo/template/splash/blogar/assets/images/banner/banner-shape-02.png]
[new.axilthemes.com/demo/template/splash/blogar/assets/images/banner/png-tree-3.png]
[new.axilthemes.com/demo/template/splash/blogar/assets/images/banner/png-tree-02.png]
[new.axilthemes.com/demo/template/splash/blogar/assets/images/demo/home-default.png]
[new.axilthemes.com/demo/template/splash/blogar/assets/images/demo/creative-blog.png]
[new.axilthemes.com/demo/template/splash/blogar/assets/images/demo/seo-blog.png]
[new.axilthemes.com/demo/template/splash/blogar/assets/images/demo/tech-blog.png]
[new.axilthemes.com/demo/template/splash/blogar/assets/images/demo/comming-soon.png]
[new.axilthemes.com/demo/template/splash/blogar/assets/images/demo/lifestyle-blog.png]
[new.axilthemes.com/demo/template/splash/blogar/assets/images/demo/default-dark.png]
[new.axilthemes.com/demo/template/splash/blogar/assets/images/demo/creative-blog-dark.png]
[new.axilthemes.com/demo/template/splash/blogar/assets/images/demo/seo-blog-dark.png]
[new.axilthemes.com/demo/template/splash/blogar/assets/images/demo/tech-blog-dark.png]
[new.axilthemes.com/demo/template/splash/blogar/assets/images/demo/lifestyle-blog-dark.png]
[new.axilthemes.com/demo/template/splash/blogar/assets/images/demo/laptop.png]
[new.axilthemes.com/demo/template/splash/blogar/assets/images/demo/ipad.png]
[new.axilthemes.com/demo/template/splash/blogar/assets/images/demo/phone.png]
[new.axilthemes.com/demo/template/splash/blogar/assets/images/banner/banner-shape-03.png]
[new.axilthemes.com/demo/template/splash/blogar/assets/images/banner/banner-shape-04.png]
[new.axilthemes.com/demo/template/splash/blogar/assets/images/banner/png-tree.png]
[new.axilthemes.com/demo/template/splash/blogar/assets/js/vendor/modernizr.min.js]
[new.axilthemes.com/demo/template/splash/blogar/assets/js/vendor/jquery.js]
[new.axilthemes.com/demo/template/splash/blogar/assets/js/vendor/bootstrap.min.js]
[new.axilthemes.com/demo/template/splash/blogar/assets/js/vendor/slick.min.js]
[new.axilthemes.com/demo/template/splash/blogar/assets/js/vendor/gsap.js]
[new.axilthemes.com/demo/template/splash/blogar/assets/js/vendor/scrollmagic.min.js]
[new.axilthemes.com/demo/template/splash/blogar/assets/js/vendor/imageloaded.min.js]
[new.axilthemes.com/demo/template/splash/blogar/assets/js/vendor/wow.js]
[new.axilthemes.com/demo/template/splash/blogar/assets/js/main.js]
[new.axilthemes.com/demo/template/splash/blogar/index.html]
[new.axilthemes.com/demo/template/splash/blogar/assets/css/vendor/bootstrap.min.css]
[new.axilthemes.com/demo/template/splash/blogar/assets/fonts/fa-brands-400.eot]
[new.axilthemes.com/demo/template/splash/blogar/assets/fonts/fa-brands-400d41d.eot]
[new.axilthemes.com/demo/template/splash/blogar/assets/fonts/fa-brands-400.woff2]
[new.axilthemes.com/demo/template/splash/blogar/assets/fonts/fa-brands-400.woff]
[new.axilthemes.com/demo/template/splash/blogar/assets/fonts/fa-brands-400.ttf]
[new.axilthemes.com/demo/template/splash/blogar/assets/fonts/fa-duotone-900.eot]
[new.axilthemes.com/demo/template/splash/blogar/assets/fonts/fa-duotone-900d41d.eot]
[new.axilthemes.com/demo/template/splash/blogar/assets/fonts/fa-duotone-900.woff2]
[new.axilthemes.com/demo/template/splash/blogar/assets/fonts/fa-duotone-900.woff]
[new.axilthemes.com/demo/template/splash/blogar/assets/fonts/fa-duotone-900.ttf]
[new.axilthemes.com/demo/template/splash/blogar/assets/fonts/fa-light-300.eot]
[new.axilthemes.com/demo/template/splash/blogar/assets/fonts/fa-light-300d41d.eot]
[new.axilthemes.com/demo/template/splash/blogar/assets/fonts/fa-light-300.woff2]
[new.axilthemes.com/demo/template/splash/blogar/assets/fonts/fa-light-300.woff]
[new.axilthemes.com/demo/template/splash/blogar/assets/fonts/fa-light-300.ttf]
[new.axilthemes.com/demo/template/splash/blogar/assets/fonts/fa-regular-400.eot]
[new.axilthemes.com/demo/template/splash/blogar/assets/fonts/fa-regular-400d41d.eot]
[new.axilthemes.com/demo/template/splash/blogar/assets/fonts/fa-regular-400.woff2]
[new.axilthemes.com/demo/template/splash/blogar/assets/fonts/fa-regular-400.woff]
[new.axilthemes.com/demo/template/splash/blogar/assets/fonts/fa-regular-400.ttf]
[new.axilthemes.com/demo/template/splash/blogar/assets/fonts/fa-solid-900.eot]
[new.axilthemes.com/demo/template/splash/blogar/assets/fonts/fa-solid-900d41d.eot]
[new.axilthemes.com/demo/template/splash/blogar/assets/fonts/fa-solid-900.woff2]
[new.axilthemes.com/demo/template/splash/blogar/assets/fonts/fa-solid-900.woff]
[new.axilthemes.com/demo/template/splash/blogar/assets/fonts/fa-solid-900.ttf]
[new.axilthemes.com/demo/template/splash/blogar/assets/css/vendor/font-awesome.css]
[new.axilthemes.com/demo/template/splash/blogar/assets/css/vendor/slick.css]
[new.axilthemes.com/demo/template/splash/blogar/assets/images/ajax-loader.gif]
[new.axilthemes.com/demo/template/splash/blogar/assets/css/vendor/fonts/slick.html]
[new.axilthemes.com/demo/template/splash/blogar/assets/css/vendor/fonts/slickd41d.html]
[new.axilthemes.com/demo/template/splash/blogar/assets/css/vendor/fonts/slick-2.html]
[new.axilthemes.com/demo/template/splash/blogar/assets/css/vendor/fonts/slick-3.html]
[new.axilthemes.com/demo/template/splash/blogar/assets/css/vendor/slick-theme.css]
[new.axilthemes.com/demo/template/splash/blogar/assets/css/vendor/fonts/slick-4.html]
[new.axilthemes.com/demo/template/splash/blogar/assets/images/bg/bg-image-1.html]
[new.axilthemes.com/demo/template/splash/blogar/assets/images/bg/bg-image-2.html]
[new.axilthemes.com/demo/template/splash/blogar/assets/images/bg/bg-image-3.html]
[new.axilthemes.com/demo/template/splash/blogar/assets/images/bg/bg-image-4.html]
[new.axilthemes.com/demo/template/splash/blogar/assets/images/bg/bg-image-5.html]
[new.axilthemes.com/demo/template/splash/blogar/assets/images/bg/bg-image-6.html]
[new.axilthemes.com/demo/template/splash/blogar/assets/images/bg/bg-image-7.html]
[new.axilthemes.com/demo/template/splash/blogar/assets/images/bg/bg-image-8.html]
[new.axilthemes.com/demo/template/splash/blogar/assets/images/bg/bg-image-9.html]
[new.axilthemes.com/demo/template/splash/blogar/assets/images/bg/bg-image-10.html]
[new.axilthemes.com/demo/template/splash/blogar/assets/images/bg/bg-image-11.html]
[new.axilthemes.com/demo/template/splash/blogar/assets/images/bg/bg-image-12.html]
[new.axilthemes.com/demo/template/splash/blogar/assets/images/bg/bg-image-13.html]
[new.axilthemes.com/demo/template/splash/blogar/assets/images/bg/bg-image-14.html]
[new.axilthemes.com/demo/template/splash/blogar/assets/images/bg/bg-image-15.html]
[new.axilthemes.com/demo/template/splash/blogar/assets/images/bg/bg-image-16.html]
[new.axilthemes.com/demo/template/splash/blogar/assets/images/bg/bg-image-17.html]
[new.axilthemes.com/demo/template/splash/blogar/assets/images/bg/bg-image-18.html]
[new.axilthemes.com/demo/template/splash/blogar/assets/images/bg/bg-image-19.html]
[new.axilthemes.com/demo/template/splash/blogar/assets/images/bg/bg-image-20.html]
[new.axilthemes.com/demo/template/splash/blogar/assets/images/icons/arrow-icon.html]
[new.axilthemes.com/demo/template/splash/blogar/assets/images/icons/light-close.png]
[new.axilthemes.com/demo/template/splash/blogar/assets/images/banner/gallery.jpg]
[new.axilthemes.com/demo/template/splash/blogar/assets/css/style.css]
[new.axilthemes.com/demo/template/splash/blogar/index-2.html]
[new.axilthemes.com/demo/template/splash/blogar/assets/fonts/fa-brands-400.svg]
[new.axilthemes.com/demo/template/splash/blogar/assets/fonts/fa-duotone-900.svg]
[new.axilthemes.com/demo/template/splash/blogar/assets/fonts/fa-light-300.svg]
[new.axilthemes.com/demo/template/splash/blogar/assets/fonts/fa-regular-400.svg]
[new.axilthemes.com/demo/template/splash/blogar/assets/fonts/fa-solid-900.svg]
[new.axilthemes.com/demo/template/splash/blogar/assets/css/vendor/fonts/slick.html]
[new.axilthemes.com/demo/template/splash/blogar/assets/css/vendor/fonts/slickd41d.html]
[new.axilthemes.com/demo/template/splash/blogar/assets/css/vendor/fonts/slick-2.html]
[new.axilthemes.com/demo/template/splash/blogar/assets/css/vendor/fonts/slick-3.html]
[new.axilthemes.com/demo/template/splash/blogar/assets/css/vendor/fonts/slick-4.html]
[new.axilthemes.com/demo/template/splash/blogar/assets/images/bg/bg-image-1.html]
[new.axilthemes.com/demo/template/splash/blogar/assets/images/bg/bg-image-2.html]
[new.axilthemes.com/demo/template/splash/blogar/assets/images/bg/bg-image-3.html]
[new.axilthemes.com/demo/template/splash/blogar/assets/images/bg/bg-image-4.html]
[new.axilthemes.com/demo/template/splash/blogar/assets/images/bg/bg-image-5.html]
[new.axilthemes.com/demo/template/splash/blogar/assets/images/bg/bg-image-6.html]
[new.axilthemes.com/demo/template/splash/blogar/assets/images/bg/bg-image-7.html]
[new.axilthemes.com/demo/template/splash/blogar/assets/images/bg/bg-image-8.html]
[new.axilthemes.com/demo/template/splash/blogar/assets/images/bg/bg-image-9.html]
[new.axilthemes.com/demo/template/splash/blogar/assets/images/bg/bg-image-10.html]
[new.axilthemes.com/demo/template/splash/blogar/assets/images/bg/bg-image-11.html]
[new.axilthemes.com/demo/template/splash/blogar/assets/images/bg/bg-image-12.html]
[new.axilthemes.com/demo/template/splash/blogar/assets/images/bg/bg-image-13.html]
[new.axilthemes.com/demo/template/splash/blogar/assets/images/bg/bg-image-14.html]
[new.axilthemes.com/demo/template/splash/blogar/assets/images/bg/bg-image-15.html]
[new.axilthemes.com/demo/template/splash/blogar/assets/images/bg/bg-image-16.html]
[new.axilthemes.com/demo/template/splash/blogar/assets/images/bg/bg-image-17.html]
[new.axilthemes.com/demo/template/splash/blogar/assets/images/bg/bg-image-18.html]
[new.axilthemes.com/demo/template/splash/blogar/assets/images/bg/bg-image-19.html]
[new.axilthemes.com/demo/template/splash/blogar/assets/images/bg/bg-image-20.html]
[new.axilthemes.com/demo/template/splash/blogar/assets/images/icons/arrow-icon.html]
